--- backtrace ---
- leave.assert_failed()
- :fail()
- :that(false)
Error: %<condition: Signal(escape)>
